{"L":"DEBUG","T":"2026-04-12T21:54:05.429180","C":"todoapp/main.go:34","M":"initializing postgres connection pool"}
{"L":"DEBUG","T":"2026-04-12T21:54:05.435262","C":"todoapp/main.go:45","M":"initializing feature","feature":"users"}
{"L":"DEBUG","T":"2026-04-12T21:54:05.435324","C":"todoapp/main.go:50","M":"Initializing HTTP server"}
{"L":"WARN","T":"2026-04-12T21:54:05.435419","C":"server/server.go:56","M":"start HTTP server","addr":":5050"}
{"L":"DEBUG","T":"2026-04-12T21:54:11.416885","C":"middleware/common.go:79","M":">>>incoming HTTP request","request_id":"eef5c9ee-5abc-43b0-853d-e4b908c0de85","url":"/api/v1/users/2","http_method":"GET","time":"2026-04-12T18:54:11.416884"}
{"L":"DEBUG","T":"2026-04-12T21:54:11.418370","C":"middleware/common.go:87","M":"<<<done HTTP request","request_id":"eef5c9ee-5abc-43b0-853d-e4b908c0de85","url":"/api/v1/users/2","status_code":200,"latency":"1.483968ms"}
{"L":"DEBUG","T":"2026-04-12T21:54:12.383323","C":"middleware/common.go:79","M":">>>incoming HTTP request","request_id":"e7520e7e-decc-49e2-8f9a-e4566c7dd625","url":"/api/v1/users/2","http_method":"GET","time":"2026-04-12T18:54:12.383321"}
{"L":"DEBUG","T":"2026-04-12T21:54:12.383873","C":"middleware/common.go:87","M":"<<<done HTTP request","request_id":"e7520e7e-decc-49e2-8f9a-e4566c7dd625","url":"/api/v1/users/2","status_code":200,"latency":"550.952µs"}
{"L":"DEBUG","T":"2026-04-12T21:54:13.803222","C":"middleware/common.go:79","M":">>>incoming HTTP request","request_id":"c86b5bac-e317-4e7b-9296-2ed0e8f02d56","url":"/api/v1/users/2","http_method":"GET","time":"2026-04-12T18:54:13.803220"}
{"L":"DEBUG","T":"2026-04-12T21:54:13.803963","C":"middleware/common.go:87","M":"<<<done HTTP request","request_id":"c86b5bac-e317-4e7b-9296-2ed0e8f02d56","url":"/api/v1/users/2","status_code":200,"latency":"740.865µs"}
{"L":"DEBUG","T":"2026-04-12T21:55:18.785062","C":"middleware/common.go:79","M":">>>incoming HTTP request","request_id":"e96e47a6-082b-4009-9bc5-dac83990e697","url":"/api/v1/users","http_method":"GET","time":"2026-04-12T18:55:18.785060"}
{"L":"DEBUG","T":"2026-04-12T21:55:18.785973","C":"middleware/common.go:87","M":"<<<done HTTP request","request_id":"e96e47a6-082b-4009-9bc5-dac83990e697","url":"/api/v1/users","status_code":200,"latency":"911.728µs"}
{"L":"DEBUG","T":"2026-04-12T21:55:25.608038","C":"middleware/common.go:79","M":">>>incoming HTTP request","request_id":"20b0960b-1054-4456-8ab7-f576059bb328","url":"/api/v1/users/1","http_method":"GET","time":"2026-04-12T18:55:25.608037"}
{"L":"DEBUG","T":"2026-04-12T21:55:25.608932","C":"middleware/common.go:87","M":"<<<done HTTP request","request_id":"20b0960b-1054-4456-8ab7-f576059bb328","url":"/api/v1/users/1","status_code":200,"latency":"893.679µs"}
{"L":"DEBUG","T":"2026-04-12T21:55:31.352849","C":"middleware/common.go:79","M":">>>incoming HTTP request","request_id":"d7f8a5f9-fbcf-41e9-aee5-b92a78f1ef47","url":"/api/v1/users/1","http_method":"GET","time":"2026-04-12T18:55:31.352847"}
{"L":"DEBUG","T":"2026-04-12T21:55:31.353470","C":"middleware/common.go:87","M":"<<<done HTTP request","request_id":"d7f8a5f9-fbcf-41e9-aee5-b92a78f1ef47","url":"/api/v1/users/1","status_code":200,"latency":"622.519µs"}
{"L":"DEBUG","T":"2026-04-12T21:56:26.396066","C":"middleware/common.go:79","M":">>>incoming HTTP request","request_id":"8e093e82-0345-4277-aabd-2906d2d4d1a8","url":"/api/v1/users/2","http_method":"GET","time":"2026-04-12T18:56:26.396065"}
{"L":"DEBUG","T":"2026-04-12T21:56:26.396814","C":"middleware/common.go:87","M":"<<<done HTTP request","request_id":"8e093e82-0345-4277-aabd-2906d2d4d1a8","url":"/api/v1/users/2","status_code":200,"latency":"747.154µs"}
{"L":"DEBUG","T":"2026-04-12T21:56:27.413489","C":"middleware/common.go:79","M":">>>incoming HTTP request","request_id":"b548c116-2eeb-4600-ae2f-cb6a5f762572","url":"/api/v1/users/2","http_method":"GET","time":"2026-04-12T18:56:27.413487"}
{"L":"DEBUG","T":"2026-04-12T21:56:27.414054","C":"middleware/common.go:87","M":"<<<done HTTP request","request_id":"b548c116-2eeb-4600-ae2f-cb6a5f762572","url":"/api/v1/users/2","status_code":200,"latency":"565.741µs"}
{"L":"DEBUG","T":"2026-04-12T21:56:28.332420","C":"middleware/common.go:79","M":">>>incoming HTTP request","request_id":"55fe55e1-ac33-4a9f-b5e7-6693346bd73b","url":"/api/v1/users/2","http_method":"GET","time":"2026-04-12T18:56:28.332418"}
{"L":"DEBUG","T":"2026-04-12T21:56:28.332861","C":"middleware/common.go:87","M":"<<<done HTTP request","request_id":"55fe55e1-ac33-4a9f-b5e7-6693346bd73b","url":"/api/v1/users/2","status_code":200,"latency":"442.369µs"}
{"L":"DEBUG","T":"2026-04-12T21:58:16.767239","C":"middleware/common.go:79","M":">>>incoming HTTP request","request_id":"1f0c651a-8d99-41de-875e-ff70745eb1ef","url":"/api/v1/users/2","http_method":"PATCH","time":"2026-04-12T18:58:16.767238"}
{"L":"DEBUG","T":"2026-04-12T21:58:16.782053","C":"http/patch_user.go:88","M":"PathcUserRequest fields:\nFullName: '{{<nil> false}}'\nPhoneNumber: '{{<nil> false}}'","request_id":"1f0c651a-8d99-41de-875e-ff70745eb1ef","url":"/api/v1/users/2"}
{"L":"DEBUG","T":"2026-04-12T21:58:16.782145","C":"middleware/common.go:87","M":"<<<done HTTP request","request_id":"1f0c651a-8d99-41de-875e-ff70745eb1ef","url":"/api/v1/users/2","status_code":200,"latency":"14.906856ms"}
{"L":"DEBUG","T":"2026-04-12T21:58:21.873197","C":"middleware/common.go:79","M":">>>incoming HTTP request","request_id":"056cd208-e161-4c7f-a838-255eb14061fb","url":"/api/v1/users/2","http_method":"PATCH","time":"2026-04-12T18:58:21.873195"}
{"L":"DEBUG","T":"2026-04-12T21:58:21.886658","C":"http/patch_user.go:88","M":"PathcUserRequest fields:\nFullName: '{{0xc000111050 true}}'\nPhoneNumber: '{{<nil> false}}'","request_id":"056cd208-e161-4c7f-a838-255eb14061fb","url":"/api/v1/users/2"}
{"L":"DEBUG","T":"2026-04-12T21:58:21.886788","C":"middleware/common.go:87","M":"<<<done HTTP request","request_id":"056cd208-e161-4c7f-a838-255eb14061fb","url":"/api/v1/users/2","status_code":200,"latency":"13.591095ms"}
{"L":"DEBUG","T":"2026-04-12T21:58:54.723181","C":"middleware/common.go:79","M":">>>incoming HTTP request","request_id":"b172b080-83af-4880-989c-8d433573a3a7","url":"/api/v1/users/2","http_method":"PATCH","time":"2026-04-12T18:58:54.723178"}
{"L":"WARN","T":"2026-04-12T21:58:54.723358","C":"response/handler.go:59","M":"failed to decode and validate HTTP request","request_id":"b172b080-83af-4880-989c-8d433573a3a7","url":"/api/v1/users/2","error":"request validation: `FullName` must be between 3 and 100 symbols: invalid argument"}
{"L":"DEBUG","T":"2026-04-12T21:58:54.723427","C":"middleware/common.go:87","M":"<<<done HTTP request","request_id":"b172b080-83af-4880-989c-8d433573a3a7","url":"/api/v1/users/2","status_code":400,"latency":"247.923µs"}
{"L":"DEBUG","T":"2026-04-12T21:59:53.804480","C":"middleware/common.go:79","M":">>>incoming HTTP request","request_id":"fcdf9e95-7e58-40ee-bb9f-d7342e41ce74","url":"/api/v1/users","http_method":"GET","time":"2026-04-12T18:59:53.804478"}
{"L":"DEBUG","T":"2026-04-12T21:59:53.805304","C":"middleware/common.go:87","M":"<<<done HTTP request","request_id":"fcdf9e95-7e58-40ee-bb9f-d7342e41ce74","url":"/api/v1/users","status_code":200,"latency":"824.468µs"}
{"L":"DEBUG","T":"2026-04-12T22:01:21.723445","C":"middleware/common.go:79","M":">>>incoming HTTP request","request_id":"e27ca658-4c6b-4578-b058-d6f485109dde","url":"/api/v1/users/4","http_method":"PATCH","time":"2026-04-12T19:01:21.723443"}
{"L":"WARN","T":"2026-04-12T22:01:21.723530","C":"response/handler.go:59","M":"failed to decode and validate HTTP request","request_id":"e27ca658-4c6b-4578-b058-d6f485109dde","url":"/api/v1/users/4","error":"request validation: `PhoneNumber` must be between 10 and 15 symbols: invalid argument"}
{"L":"DEBUG","T":"2026-04-12T22:01:21.723559","C":"middleware/common.go:87","M":"<<<done HTTP request","request_id":"e27ca658-4c6b-4578-b058-d6f485109dde","url":"/api/v1/users/4","status_code":400,"latency":"115.337µs"}
{"L":"DEBUG","T":"2026-04-12T22:01:29.527079","C":"middleware/common.go:79","M":">>>incoming HTTP request","request_id":"954f3d66-ef1b-4835-a930-833aae6829ae","url":"/api/v1/users/4","http_method":"PATCH","time":"2026-04-12T19:01:29.527077"}
{"L":"DEBUG","T":"2026-04-12T22:01:29.540992","C":"http/patch_user.go:88","M":"PathcUserRequest fields:\nFullName: '{{<nil> false}}'\nPhoneNumber: '{{<nil> true}}'","request_id":"954f3d66-ef1b-4835-a930-833aae6829ae","url":"/api/v1/users/4"}
{"L":"DEBUG","T":"2026-04-12T22:01:29.541138","C":"middleware/common.go:87","M":"<<<done HTTP request","request_id":"954f3d66-ef1b-4835-a930-833aae6829ae","url":"/api/v1/users/4","status_code":200,"latency":"14.059602ms"}
{"L":"DEBUG","T":"2026-04-12T22:01:37.678398","C":"middleware/common.go:79","M":">>>incoming HTTP request","request_id":"02fedeb5-f728-4344-9889-c74dbf42649f","url":"/api/v1/users/4","http_method":"PATCH","time":"2026-04-12T19:01:37.678397"}
{"L":"DEBUG","T":"2026-04-12T22:01:37.692003","C":"http/patch_user.go:88","M":"PathcUserRequest fields:\nFullName: '{{<nil> false}}'\nPhoneNumber: '{{0xc000037950 true}}'","request_id":"02fedeb5-f728-4344-9889-c74dbf42649f","url":"/api/v1/users/4"}
{"L":"DEBUG","T":"2026-04-12T22:01:37.692112","C":"middleware/common.go:87","M":"<<<done HTTP request","request_id":"02fedeb5-f728-4344-9889-c74dbf42649f","url":"/api/v1/users/4","status_code":200,"latency":"13.713551ms"}
{"L":"DEBUG","T":"2026-04-12T22:01:43.979716","C":"middleware/common.go:79","M":">>>incoming HTTP request","request_id":"39dce3c8-ab29-48aa-ae4a-afd0cc2002f3","url":"/api/v1/users","http_method":"GET","time":"2026-04-12T19:01:43.979714"}
{"L":"DEBUG","T":"2026-04-12T22:01:43.980399","C":"middleware/common.go:87","M":"<<<done HTTP request","request_id":"39dce3c8-ab29-48aa-ae4a-afd0cc2002f3","url":"/api/v1/users","status_code":200,"latency":"684.275µs"}
{"L":"DEBUG","T":"2026-04-12T22:02:29.721537","C":"middleware/common.go:79","M":">>>incoming HTTP request","request_id":"883fa550-09a1-4842-8566-15c3bbbf1ab5","url":"/api/v1/users/445554","http_method":"PATCH","time":"2026-04-12T19:02:29.721536"}
{"L":"DEBUG","T":"2026-04-12T22:02:29.722169","C":"response/handler.go:59","M":"failed to patch user","request_id":"883fa550-09a1-4842-8566-15c3bbbf1ab5","url":"/api/v1/users/445554","error":"get user: user with id='445554': not found"}
{"L":"DEBUG","T":"2026-04-12T22:02:29.722266","C":"http/patch_user.go:88","M":"PathcUserRequest fields:\nFullName: '{{<nil> false}}'\nPhoneNumber: '{{0xc000037a90 true}}'","request_id":"883fa550-09a1-4842-8566-15c3bbbf1ab5","url":"/api/v1/users/445554"}
{"L":"DEBUG","T":"2026-04-12T22:02:29.722300","C":"middleware/common.go:87","M":"<<<done HTTP request","request_id":"883fa550-09a1-4842-8566-15c3bbbf1ab5","url":"/api/v1/users/445554","status_code":200,"latency":"758.02µs"}
{"L":"DEBUG","T":"2026-04-12T22:02:36.664522","C":"middleware/common.go:79","M":">>>incoming HTTP request","request_id":"780e116a-64c5-41d7-b620-97d309f6a8a5","url":"/api/v1/users/445554","http_method":"PATCH","time":"2026-04-12T19:02:36.664520"}
{"L":"WARN","T":"2026-04-12T22:02:36.664616","C":"response/handler.go:59","M":"failed to decode and validate HTTP request","request_id":"780e116a-64c5-41d7-b620-97d309f6a8a5","url":"/api/v1/users/445554","error":"decode json: EOF: invalid argument"}
{"L":"DEBUG","T":"2026-04-12T22:02:36.664645","C":"middleware/common.go:87","M":"<<<done HTTP request","request_id":"780e116a-64c5-41d7-b620-97d309f6a8a5","url":"/api/v1/users/445554","status_code":400,"latency":"123.701µs"}
{"L":"DEBUG","T":"2026-04-12T22:03:05.029153","C":"middleware/common.go:79","M":">>>incoming HTTP request","request_id":"68a2ef9b-e99a-47e8-adae-1e6760d299f4","url":"/api/v1/users/445554","http_method":"PATCH","time":"2026-04-12T19:03:05.029151"}
{"L":"DEBUG","T":"2026-04-12T22:03:05.029822","C":"response/handler.go:59","M":"failed to patch user","request_id":"68a2ef9b-e99a-47e8-adae-1e6760d299f4","url":"/api/v1/users/445554","error":"get user: user with id='445554': not found"}
{"L":"DEBUG","T":"2026-04-12T22:03:05.029909","C":"http/patch_user.go:88","M":"PathcUserRequest fields:\nFullName: '{{<nil> false}}'\nPhoneNumber: '{{0xc000226300 true}}'","request_id":"68a2ef9b-e99a-47e8-adae-1e6760d299f4","url":"/api/v1/users/445554"}
{"L":"DEBUG","T":"2026-04-12T22:03:05.029938","C":"middleware/common.go:87","M":"<<<done HTTP request","request_id":"68a2ef9b-e99a-47e8-adae-1e6760d299f4","url":"/api/v1/users/445554","status_code":200,"latency":"785.932µs"}
{"L":"WARN","T":"2026-04-12T22:05:21.356798","C":"server/server.go:71","M":"shutdown HTTP server..."}
{"L":"WARN","T":"2026-04-12T22:05:21.357165","C":"server/server.go:85","M":"HTTP server stopped"}
