{"L":"DEBUG","T":"2026-03-31T17:22:43.769056","C":"todoapp/main.go:34","M":"initializing postgres connection pool"}
{"L":"DEBUG","T":"2026-03-31T17:22:43.774302","C":"todoapp/main.go:45","M":"initializing feature","feature":"users"}
{"L":"DEBUG","T":"2026-03-31T17:22:43.774356","C":"todoapp/main.go:50","M":"Initializing HTTP server"}
{"L":"WARN","T":"2026-03-31T17:22:43.774434","C":"server/server.go:56","M":"start HTTP server","addr":":5050"}
{"L":"DEBUG","T":"2026-03-31T17:22:49.513519","C":"middleware/common.go:79","M":">>>incoming HTTP request","request_id":"5c62a052-a902-4d62-90f5-5f120bc32e7c","url":"/api/v1/users","time":"2026-03-31T14:22:49.513518"}
{"L":"WARN","T":"2026-03-31T17:22:49.513610","C":"response/handler.go:55","M":"failed to decode and validate HTTP request","request_id":"5c62a052-a902-4d62-90f5-5f120bc32e7c","url":"/api/v1/users","error":"request validation: Key: 'CreateUserRequest.FullName' Error:Field validation for 'FullName' failed on the 'required' tag: invalid argument"}
{"L":"DEBUG","T":"2026-03-31T17:22:49.513639","C":"middleware/common.go:86","M":"<<<done HTTP request","request_id":"5c62a052-a902-4d62-90f5-5f120bc32e7c","url":"/api/v1/users","status_code":400,"latency":"120.609µs"}
{"L":"DEBUG","T":"2026-03-31T17:23:07.868064","C":"middleware/common.go:79","M":">>>incoming HTTP request","request_id":"aa1314e4-947b-46d3-ac7a-84a362d358d1","url":"/api/v1/users","time":"2026-03-31T14:23:07.868062"}
{"L":"WARN","T":"2026-03-31T17:23:07.868142","C":"response/handler.go:55","M":"failed to decode and validate HTTP request","request_id":"aa1314e4-947b-46d3-ac7a-84a362d358d1","url":"/api/v1/users","error":"decode json: EOF: invalid argument"}
{"L":"DEBUG","T":"2026-03-31T17:23:07.868185","C":"middleware/common.go:86","M":"<<<done HTTP request","request_id":"aa1314e4-947b-46d3-ac7a-84a362d358d1","url":"/api/v1/users","status_code":400,"latency":"122.008µs"}
{"L":"DEBUG","T":"2026-03-31T17:24:57.332584","C":"middleware/common.go:79","M":">>>incoming HTTP request","request_id":"4e7f3d0e-1488-48b0-9ab9-76b35726f15f","url":"/api/v1/users","time":"2026-03-31T14:24:57.332583"}
{"L":"WARN","T":"2026-03-31T17:24:57.332661","C":"response/handler.go:55","M":"failed to decode and validate HTTP request","request_id":"4e7f3d0e-1488-48b0-9ab9-76b35726f15f","url":"/api/v1/users","error":"request validation: Key: 'CreateUserRequest.FullName' Error:Field validation for 'FullName' failed on the 'min' tag: invalid argument"}
{"L":"DEBUG","T":"2026-03-31T17:24:57.332686","C":"middleware/common.go:86","M":"<<<done HTTP request","request_id":"4e7f3d0e-1488-48b0-9ab9-76b35726f15f","url":"/api/v1/users","status_code":400,"latency":"102.302µs"}
{"L":"DEBUG","T":"2026-03-31T17:25:56.057918","C":"middleware/common.go:79","M":">>>incoming HTTP request","request_id":"a3c4a3e9-fd03-4ab9-b8f1-fae30cb39d6d","url":"/api/v1/users","time":"2026-03-31T14:25:56.057916"}
{"L":"DEBUG","T":"2026-03-31T17:25:56.060853","C":"middleware/common.go:86","M":"<<<done HTTP request","request_id":"a3c4a3e9-fd03-4ab9-b8f1-fae30cb39d6d","url":"/api/v1/users","status_code":201,"latency":"2.934872ms"}
{"L":"DEBUG","T":"2026-03-31T17:26:36.764154","C":"middleware/common.go:79","M":">>>incoming HTTP request","request_id":"be94d245-432c-4d90-baeb-880dd2762740","url":"/api/v1/users","time":"2026-03-31T14:26:36.764153"}
{"L":"WARN","T":"2026-03-31T17:26:36.764235","C":"response/handler.go:55","M":"failed to decode and validate HTTP request","request_id":"be94d245-432c-4d90-baeb-880dd2762740","url":"/api/v1/users","error":"request validation: Key: 'CreateUserRequest.PhoneNumber' Error:Field validation for 'PhoneNumber' failed on the 'min' tag: invalid argument"}
{"L":"DEBUG","T":"2026-03-31T17:26:36.764252","C":"middleware/common.go:86","M":"<<<done HTTP request","request_id":"be94d245-432c-4d90-baeb-880dd2762740","url":"/api/v1/users","status_code":400,"latency":"98.927µs"}
{"L":"DEBUG","T":"2026-03-31T17:26:51.513892","C":"middleware/common.go:79","M":">>>incoming HTTP request","request_id":"45922cb9-1995-47a6-8042-5d8a2cc77e0a","url":"/api/v1/users","time":"2026-03-31T14:26:51.513891"}
{"L":"WARN","T":"2026-03-31T17:26:51.513994","C":"response/handler.go:55","M":"failed to decode and validate HTTP request","request_id":"45922cb9-1995-47a6-8042-5d8a2cc77e0a","url":"/api/v1/users","error":"request validation: Key: 'CreateUserRequest.PhoneNumber' Error:Field validation for 'PhoneNumber' failed on the 'startswith' tag: invalid argument"}
{"L":"DEBUG","T":"2026-03-31T17:26:51.514015","C":"middleware/common.go:86","M":"<<<done HTTP request","request_id":"45922cb9-1995-47a6-8042-5d8a2cc77e0a","url":"/api/v1/users","status_code":400,"latency":"123.348µs"}
{"L":"DEBUG","T":"2026-03-31T17:26:56.395375","C":"middleware/common.go:79","M":">>>incoming HTTP request","request_id":"ab18fa49-e74b-46fb-be83-3c5be5565f80","url":"/api/v1/users","time":"2026-03-31T14:26:56.395373"}
{"L":"DEBUG","T":"2026-03-31T17:26:56.408065","C":"middleware/common.go:86","M":"<<<done HTTP request","request_id":"ab18fa49-e74b-46fb-be83-3c5be5565f80","url":"/api/v1/users","status_code":201,"latency":"12.689172ms"}
{"L":"WARN","T":"2026-03-31T19:19:22.906704","C":"server/server.go:71","M":"shutdown HTTP server..."}
{"L":"WARN","T":"2026-03-31T19:19:22.907004","C":"server/server.go:85","M":"HTTP server stopped"}
