{"L":"DEBUG","T":"2026-04-04T10:32:43.473006","C":"todoapp/main.go:34","M":"initializing postgres connection pool"}
{"L":"DEBUG","T":"2026-04-04T10:32:43.478849","C":"todoapp/main.go:45","M":"initializing feature","feature":"users"}
{"L":"DEBUG","T":"2026-04-04T10:32:43.478905","C":"todoapp/main.go:50","M":"Initializing HTTP server"}
{"L":"WARN","T":"2026-04-04T10:32:43.478968","C":"server/server.go:56","M":"start HTTP server","addr":":5050"}
{"L":"DEBUG","T":"2026-04-04T10:38:43.718945","C":"middleware/common.go:79","M":">>>incoming HTTP request","request_id":"1b0309cf-d454-4dbc-9dfa-68069aafc22c","url":"/api/v1/users","http_method":"GET","time":"2026-04-04T07:38:43.718943"}
{"L":"DEBUG","T":"2026-04-04T10:38:43.721073","C":"middleware/common.go:87","M":"<<<done HTTP request","request_id":"1b0309cf-d454-4dbc-9dfa-68069aafc22c","url":"/api/v1/users","status_code":200,"latency":"2.128961ms"}
{"L":"DEBUG","T":"2026-04-04T10:38:49.751808","C":"middleware/common.go:79","M":">>>incoming HTTP request","request_id":"ff81f5b0-c04a-46dc-a72a-61df15f05892","url":"/api/v1/users","http_method":"POST","time":"2026-04-04T07:38:49.751807"}
{"L":"DEBUG","T":"2026-04-04T10:38:49.766933","C":"middleware/common.go:87","M":"<<<done HTTP request","request_id":"ff81f5b0-c04a-46dc-a72a-61df15f05892","url":"/api/v1/users","status_code":201,"latency":"15.123699ms"}
{"L":"DEBUG","T":"2026-04-04T10:39:04.644861","C":"middleware/common.go:79","M":">>>incoming HTTP request","request_id":"f1b512f8-a900-410e-bb4e-f2b3315143c5","url":"/api/v1/users","http_method":"POST","time":"2026-04-04T07:39:04.644859"}
{"L":"WARN","T":"2026-04-04T10:39:04.644950","C":"response/handler.go:55","M":"failed to decode and validate HTTP request","request_id":"f1b512f8-a900-410e-bb4e-f2b3315143c5","url":"/api/v1/users","error":"request validation: Key: 'CreateUserRequest.PhoneNumber' Error:Field validation for 'PhoneNumber' failed on the 'min' tag: invalid argument"}
{"L":"DEBUG","T":"2026-04-04T10:39:04.644988","C":"middleware/common.go:87","M":"<<<done HTTP request","request_id":"f1b512f8-a900-410e-bb4e-f2b3315143c5","url":"/api/v1/users","status_code":400,"latency":"128.353µs"}
{"L":"DEBUG","T":"2026-04-04T10:39:08.282008","C":"middleware/common.go:79","M":">>>incoming HTTP request","request_id":"192de984-e3be-4a3d-8ee2-cda209509e46","url":"/api/v1/users","http_method":"POST","time":"2026-04-04T07:39:08.282006"}
{"L":"WARN","T":"2026-04-04T10:39:08.282101","C":"response/handler.go:55","M":"failed to decode and validate HTTP request","request_id":"192de984-e3be-4a3d-8ee2-cda209509e46","url":"/api/v1/users","error":"decode json: invalid character '}' looking for beginning of object key string: invalid argument"}
{"L":"DEBUG","T":"2026-04-04T10:39:08.282159","C":"middleware/common.go:87","M":"<<<done HTTP request","request_id":"192de984-e3be-4a3d-8ee2-cda209509e46","url":"/api/v1/users","status_code":400,"latency":"151.909µs"}
{"L":"DEBUG","T":"2026-04-04T10:39:11.761614","C":"middleware/common.go:79","M":">>>incoming HTTP request","request_id":"eb88ba48-76c0-4dd3-ada8-5fcbd5be424e","url":"/api/v1/users","http_method":"POST","time":"2026-04-04T07:39:11.761612"}
{"L":"DEBUG","T":"2026-04-04T10:39:11.774998","C":"middleware/common.go:87","M":"<<<done HTTP request","request_id":"eb88ba48-76c0-4dd3-ada8-5fcbd5be424e","url":"/api/v1/users","status_code":201,"latency":"13.383143ms"}
{"L":"DEBUG","T":"2026-04-04T10:39:30.000862","C":"middleware/common.go:79","M":">>>incoming HTTP request","request_id":"1fda1f61-3854-4f01-8518-730bcfe1c1e5","url":"/api/v1/users","http_method":"POST","time":"2026-04-04T07:39:30.000861"}
{"L":"DEBUG","T":"2026-04-04T10:39:30.014216","C":"middleware/common.go:87","M":"<<<done HTTP request","request_id":"1fda1f61-3854-4f01-8518-730bcfe1c1e5","url":"/api/v1/users","status_code":201,"latency":"13.353121ms"}
{"L":"DEBUG","T":"2026-04-04T10:39:33.906864","C":"middleware/common.go:79","M":">>>incoming HTTP request","request_id":"3af2c409-05c1-44fa-9e02-96e1cb9c2213","url":"/api/v1/users","http_method":"GET","time":"2026-04-04T07:39:33.906863"}
{"L":"DEBUG","T":"2026-04-04T10:39:33.907876","C":"middleware/common.go:87","M":"<<<done HTTP request","request_id":"3af2c409-05c1-44fa-9e02-96e1cb9c2213","url":"/api/v1/users","status_code":200,"latency":"1.012206ms"}
{"L":"DEBUG","T":"2026-04-04T10:39:40.486374","C":"middleware/common.go:79","M":">>>incoming HTTP request","request_id":"825f1c49-7306-4943-8ab1-b3273fab48b1","url":"/api/v1/users/1","http_method":"GET","time":"2026-04-04T07:39:40.486372"}
{"L":"DEBUG","T":"2026-04-04T10:39:40.487585","C":"middleware/common.go:87","M":"<<<done HTTP request","request_id":"825f1c49-7306-4943-8ab1-b3273fab48b1","url":"/api/v1/users/1","status_code":200,"latency":"1.211485ms"}
{"L":"DEBUG","T":"2026-04-04T10:39:45.623765","C":"middleware/common.go:79","M":">>>incoming HTTP request","request_id":"3a6d7847-f3bc-4191-be76-a2c731806504","url":"/api/v1/users/3","http_method":"GET","time":"2026-04-04T07:39:45.623764"}
{"L":"DEBUG","T":"2026-04-04T10:39:45.624474","C":"middleware/common.go:87","M":"<<<done HTTP request","request_id":"3a6d7847-f3bc-4191-be76-a2c731806504","url":"/api/v1/users/3","status_code":200,"latency":"708.293µs"}
{"L":"DEBUG","T":"2026-04-04T10:39:59.106465","C":"middleware/common.go:79","M":">>>incoming HTTP request","request_id":"791cb7cd-dc2b-4a6a-9280-4a3363ce51d9","url":"/api/v1/users?limit=1&offset=1","http_method":"GET","time":"2026-04-04T07:39:59.106464"}
{"L":"DEBUG","T":"2026-04-04T10:39:59.107186","C":"middleware/common.go:87","M":"<<<done HTTP request","request_id":"791cb7cd-dc2b-4a6a-9280-4a3363ce51d9","url":"/api/v1/users?limit=1&offset=1","status_code":200,"latency":"721.13µs"}
{"L":"DEBUG","T":"2026-04-04T10:40:02.788490","C":"middleware/common.go:79","M":">>>incoming HTTP request","request_id":"eb8cd004-2aa7-495c-917b-cc5f8d2362ff","url":"/api/v1/users?limit=1&offset=1","http_method":"GET","time":"2026-04-04T07:40:02.788488"}
{"L":"DEBUG","T":"2026-04-04T10:40:02.789644","C":"middleware/common.go:87","M":"<<<done HTTP request","request_id":"eb8cd004-2aa7-495c-917b-cc5f8d2362ff","url":"/api/v1/users?limit=1&offset=1","status_code":200,"latency":"1.153383ms"}
{"L":"DEBUG","T":"2026-04-04T10:40:05.831856","C":"middleware/common.go:79","M":">>>incoming HTTP request","request_id":"ab61f213-0439-442f-9f82-9c29ff92c9eb","url":"/api/v1/users?limit=1&offset=2","http_method":"GET","time":"2026-04-04T07:40:05.831855"}
{"L":"DEBUG","T":"2026-04-04T10:40:05.832644","C":"middleware/common.go:87","M":"<<<done HTTP request","request_id":"ab61f213-0439-442f-9f82-9c29ff92c9eb","url":"/api/v1/users?limit=1&offset=2","status_code":200,"latency":"786.922µs"}
{"L":"DEBUG","T":"2026-04-04T10:40:10.210793","C":"middleware/common.go:79","M":">>>incoming HTTP request","request_id":"7d068aba-d7c1-4935-a689-c568a03306bd","url":"/api/v1/users?limit=1","http_method":"GET","time":"2026-04-04T07:40:10.210792"}
{"L":"DEBUG","T":"2026-04-04T10:40:10.211495","C":"middleware/common.go:87","M":"<<<done HTTP request","request_id":"7d068aba-d7c1-4935-a689-c568a03306bd","url":"/api/v1/users?limit=1","status_code":200,"latency":"701.894µs"}
{"L":"DEBUG","T":"2026-04-04T10:40:13.533718","C":"middleware/common.go:79","M":">>>incoming HTTP request","request_id":"263f0206-d61b-43c5-9c51-0693d56b23d0","url":"/api/v1/users?limit=2","http_method":"GET","time":"2026-04-04T07:40:13.533717"}
{"L":"DEBUG","T":"2026-04-04T10:40:13.534306","C":"middleware/common.go:87","M":"<<<done HTTP request","request_id":"263f0206-d61b-43c5-9c51-0693d56b23d0","url":"/api/v1/users?limit=2","status_code":200,"latency":"588.756µs"}
