{"L":"DEBUG","T":"2026-04-02T16:51:03.696899","C":"todoapp/main.go:34","M":"initializing postgres connection pool"}
{"L":"DEBUG","T":"2026-04-02T16:51:03.702878","C":"todoapp/main.go:45","M":"initializing feature","feature":"users"}
{"L":"DEBUG","T":"2026-04-02T16:51:03.702954","C":"todoapp/main.go:50","M":"Initializing HTTP server"}
{"L":"WARN","T":"2026-04-02T16:51:03.703055","C":"server/server.go:56","M":"start HTTP server","addr":":5050"}
{"L":"DEBUG","T":"2026-04-02T16:51:07.402876","C":"middleware/common.go:79","M":">>>incoming HTTP request","request_id":"721c6ca5-184f-4cc8-8f01-355944cd897a","url":"/api/v1/users","time":"2026-04-02T13:51:07.402874"}
{"L":"DEBUG","T":"2026-04-02T16:51:07.404856","C":"middleware/common.go:86","M":"<<<done HTTP request","request_id":"721c6ca5-184f-4cc8-8f01-355944cd897a","url":"/api/v1/users","status_code":200,"latency":"1.980523ms"}
{"L":"DEBUG","T":"2026-04-02T16:51:43.053225","C":"middleware/common.go:79","M":">>>incoming HTTP request","request_id":"8e97905a-46fc-4647-ac0f-4e07b73a3d29","url":"/api/v1/users","time":"2026-04-02T13:51:43.053223"}
{"L":"DEBUG","T":"2026-04-02T16:51:43.067488","C":"middleware/common.go:86","M":"<<<done HTTP request","request_id":"8e97905a-46fc-4647-ac0f-4e07b73a3d29","url":"/api/v1/users","status_code":201,"latency":"14.262791ms"}
{"L":"DEBUG","T":"2026-04-02T16:52:08.398067","C":"middleware/common.go:79","M":">>>incoming HTTP request","request_id":"09c1aa29-c5a4-45a8-8fe1-31b4328d3462","url":"/api/v1/users","time":"2026-04-02T13:52:08.398065"}
{"L":"DEBUG","T":"2026-04-02T16:52:08.412542","C":"middleware/common.go:86","M":"<<<done HTTP request","request_id":"09c1aa29-c5a4-45a8-8fe1-31b4328d3462","url":"/api/v1/users","status_code":201,"latency":"14.474771ms"}
{"L":"DEBUG","T":"2026-04-02T16:52:14.031716","C":"middleware/common.go:79","M":">>>incoming HTTP request","request_id":"c712d1c7-1689-4762-8919-18506bc51111","url":"/api/v1/users","time":"2026-04-02T13:52:14.031714"}
{"L":"DEBUG","T":"2026-04-02T16:52:14.032366","C":"middleware/common.go:86","M":"<<<done HTTP request","request_id":"c712d1c7-1689-4762-8919-18506bc51111","url":"/api/v1/users","status_code":200,"latency":"649.621µs"}
{"L":"DEBUG","T":"2026-04-02T16:55:45.118529","C":"middleware/common.go:79","M":">>>incoming HTTP request","request_id":"1abe7612-b551-4751-8a95-96a96d958230","url":"/api/v1/users","time":"2026-04-02T13:55:45.118527"}
{"L":"DEBUG","T":"2026-04-02T16:55:45.131334","C":"middleware/common.go:86","M":"<<<done HTTP request","request_id":"1abe7612-b551-4751-8a95-96a96d958230","url":"/api/v1/users","status_code":201,"latency":"12.805062ms"}
{"L":"DEBUG","T":"2026-04-02T16:56:21.173789","C":"middleware/common.go:79","M":">>>incoming HTTP request","request_id":"44970d02-8c12-465f-a271-eb0507983265","url":"/api/v1/users","time":"2026-04-02T13:56:21.173788"}
{"L":"WARN","T":"2026-04-02T16:56:21.173950","C":"response/handler.go:55","M":"failed to decode and validate HTTP request","request_id":"44970d02-8c12-465f-a271-eb0507983265","url":"/api/v1/users","error":"request validation: Key: 'CreateUserRequest.PhoneNumber' Error:Field validation for 'PhoneNumber' failed on the 'min' tag: invalid argument"}
{"L":"DEBUG","T":"2026-04-02T16:56:21.173991","C":"middleware/common.go:86","M":"<<<done HTTP request","request_id":"44970d02-8c12-465f-a271-eb0507983265","url":"/api/v1/users","status_code":400,"latency":"202.863µs"}
{"L":"DEBUG","T":"2026-04-02T16:56:25.097229","C":"middleware/common.go:79","M":">>>incoming HTTP request","request_id":"57d9dd51-a7b3-4e32-9b5c-426c48de45cc","url":"/api/v1/users","time":"2026-04-02T13:56:25.097227"}
{"L":"WARN","T":"2026-04-02T16:56:25.097317","C":"response/handler.go:55","M":"failed to decode and validate HTTP request","request_id":"57d9dd51-a7b3-4e32-9b5c-426c48de45cc","url":"/api/v1/users","error":"decode json: invalid character '}' looking for beginning of object key string: invalid argument"}
{"L":"DEBUG","T":"2026-04-02T16:56:25.097350","C":"middleware/common.go:86","M":"<<<done HTTP request","request_id":"57d9dd51-a7b3-4e32-9b5c-426c48de45cc","url":"/api/v1/users","status_code":400,"latency":"122.011µs"}
{"L":"DEBUG","T":"2026-04-02T16:56:32.818233","C":"middleware/common.go:79","M":">>>incoming HTTP request","request_id":"d9c2c596-7072-4ca3-8887-471c12f8ce95","url":"/api/v1/users","time":"2026-04-02T13:56:32.818231"}
{"L":"DEBUG","T":"2026-04-02T16:56:32.830981","C":"middleware/common.go:86","M":"<<<done HTTP request","request_id":"d9c2c596-7072-4ca3-8887-471c12f8ce95","url":"/api/v1/users","status_code":201,"latency":"12.747359ms"}
{"L":"DEBUG","T":"2026-04-02T16:56:50.642361","C":"middleware/common.go:79","M":">>>incoming HTTP request","request_id":"60fc6e78-d2c8-4f51-90a4-34e04276b402","url":"/api/v1/users","time":"2026-04-02T13:56:50.642359"}
{"L":"DEBUG","T":"2026-04-02T16:56:50.655258","C":"middleware/common.go:86","M":"<<<done HTTP request","request_id":"60fc6e78-d2c8-4f51-90a4-34e04276b402","url":"/api/v1/users","status_code":201,"latency":"12.895892ms"}
{"L":"DEBUG","T":"2026-04-02T16:57:12.988258","C":"middleware/common.go:79","M":">>>incoming HTTP request","request_id":"32992819-d25c-48e1-92d5-4462bc3c0562","url":"/api/v1/users?limit=2","time":"2026-04-02T13:57:12.988257"}
{"L":"DEBUG","T":"2026-04-02T16:57:13.001064","C":"middleware/common.go:86","M":"<<<done HTTP request","request_id":"32992819-d25c-48e1-92d5-4462bc3c0562","url":"/api/v1/users?limit=2","status_code":201,"latency":"12.804993ms"}
{"L":"DEBUG","T":"2026-04-02T16:57:27.391391","C":"middleware/common.go:79","M":">>>incoming HTTP request","request_id":"a1141b30-a4e4-443d-8f8c-bbc29c99c373","url":"/api/v1/users?limit=2","time":"2026-04-02T13:57:27.391390"}
{"L":"DEBUG","T":"2026-04-02T16:57:27.392126","C":"middleware/common.go:86","M":"<<<done HTTP request","request_id":"a1141b30-a4e4-443d-8f8c-bbc29c99c373","url":"/api/v1/users?limit=2","status_code":200,"latency":"734.31µs"}
{"L":"DEBUG","T":"2026-04-02T16:57:34.744025","C":"middleware/common.go:79","M":">>>incoming HTTP request","request_id":"6f4c09e2-42c8-45be-a60f-23b4fc1b70c6","url":"/api/v1/users?limit=3","time":"2026-04-02T13:57:34.744023"}
{"L":"DEBUG","T":"2026-04-02T16:57:34.744669","C":"middleware/common.go:86","M":"<<<done HTTP request","request_id":"6f4c09e2-42c8-45be-a60f-23b4fc1b70c6","url":"/api/v1/users?limit=3","status_code":200,"latency":"644.568µs"}
{"L":"DEBUG","T":"2026-04-02T16:58:26.765735","C":"middleware/common.go:79","M":">>>incoming HTTP request","request_id":"c2c096bb-baf7-4579-a1ea-386fbaa94ff5","url":"/api/v1/users?limit=2&offset=1","time":"2026-04-02T13:58:26.765734"}
{"L":"DEBUG","T":"2026-04-02T16:58:26.766478","C":"middleware/common.go:86","M":"<<<done HTTP request","request_id":"c2c096bb-baf7-4579-a1ea-386fbaa94ff5","url":"/api/v1/users?limit=2&offset=1","status_code":200,"latency":"743.537µs"}
{"L":"DEBUG","T":"2026-04-02T16:59:10.050057","C":"middleware/common.go:79","M":">>>incoming HTTP request","request_id":"db533dd9-0d4d-4a57-ae8f-4761192a1d22","url":"/api/v1/users?limit=-2&offset=1","time":"2026-04-02T13:59:10.050055"}
{"L":"WARN","T":"2026-04-02T16:59:10.050144","C":"response/handler.go:55","M":"failed to get users","request_id":"db533dd9-0d4d-4a57-ae8f-4761192a1d22","url":"/api/v1/users?limit=-2&offset=1","error":"limit must be non-negative: invalid argument"}
{"L":"DEBUG","T":"2026-04-02T16:59:10.050175","C":"middleware/common.go:86","M":"<<<done HTTP request","request_id":"db533dd9-0d4d-4a57-ae8f-4761192a1d22","url":"/api/v1/users?limit=-2&offset=1","status_code":400,"latency":"118.855µs"}
{"L":"DEBUG","T":"2026-04-02T16:59:25.877405","C":"middleware/common.go:79","M":">>>incoming HTTP request","request_id":"d008647c-209d-4f27-b5b9-8dcb2e06fb99","url":"/api/v1/users?limit=2&offset=fsdf","time":"2026-04-02T13:59:25.877404"}
{"L":"WARN","T":"2026-04-02T16:59:25.877518","C":"response/handler.go:55","M":"failed to get 'limit'/'offset' query params","request_id":"d008647c-209d-4f27-b5b9-8dcb2e06fb99","url":"/api/v1/users?limit=2&offset=fsdf","error":"get 'offset' query param: param='fsdf' by key='offset' not a valid integer: strconv.Atoi: parsing \"fsdf\": invalid syntax: invalid argument"}
{"L":"DEBUG","T":"2026-04-02T16:59:25.877571","C":"middleware/common.go:86","M":"<<<done HTTP request","request_id":"d008647c-209d-4f27-b5b9-8dcb2e06fb99","url":"/api/v1/users?limit=2&offset=fsdf","status_code":400,"latency":"166.897µs"}
{"L":"WARN","T":"2026-04-02T17:03:54.810344","C":"server/server.go:71","M":"shutdown HTTP server..."}
{"L":"WARN","T":"2026-04-02T17:03:54.810711","C":"server/server.go:85","M":"HTTP server stopped"}
